------------------------------------------------------------
Timing Analyzer Summary
------------------------------------------------------------

Type  : Slow 1200mV 85C Model Setup 'u6|sdram_pll1|altpll_component|pll|clk[0]'
Slack : -8.207
TNS   : -657.901

Type  : Slow 1200mV 85C Model Setup 'TD_CLK27'
Slack : -1.182
TNS   : -76.395

Type  : Slow 1200mV 85C Model Setup 'CLOCK_50'
Slack : 13.348
TNS   : 0.000

Type  : Slow 1200mV 85C Model Setup 'u6|sdram_pll1|altpll_component|pll|clk[2]'
Slack : 51.533
TNS   : 0.000

Type  : Slow 1200mV 85C Model Hold 'TD_CLK27'
Slack : 0.350
TNS   : 0.000

Type  : Slow 1200mV 85C Model Hold 'u6|sdram_pll1|altpll_component|pll|clk[0]'
Slack : 0.352
TNS   : 0.000

Type  : Slow 1200mV 85C Model Hold 'u6|sdram_pll1|altpll_component|pll|clk[2]'
Slack : 0.389
TNS   : 0.000

Type  : Slow 1200mV 85C Model Hold 'CLOCK_50'
Slack : 0.410
TNS   : 0.000

Type  : Slow 1200mV 85C Model Recovery 'u6|sdram_pll1|altpll_component|pll|clk[0]'
Slack : -8.170
TNS   : -3053.199

Type  : Slow 1200mV 85C Model Recovery 'u6|sdram_pll1|altpll_component|pll|clk[2]'
Slack : -4.395
TNS   : -61.530

Type  : Slow 1200mV 85C Model Recovery 'TD_CLK27'
Slack : -4.081
TNS   : -1558.819

Type  : Slow 1200mV 85C Model Removal 'TD_CLK27'
Slack : 1.220
TNS   : 0.000

Type  : Slow 1200mV 85C Model Removal 'u6|sdram_pll1|altpll_component|pll|clk[2]'
Slack : 3.271
TNS   : 0.000

Type  : Slow 1200mV 85C Model Removal 'u6|sdram_pll1|altpll_component|pll|clk[0]'
Slack : 6.293
TNS   : 0.000

Type  : Slow 1200mV 85C Model Minimum Pulse Width 'u6|sdram_pll1|altpll_component|pll|clk[0]'
Slack : 4.730
TNS   : 0.000

Type  : Slow 1200mV 85C Model Minimum Pulse Width 'CLOCK_50'
Slack : 9.645
TNS   : 0.000

Type  : Slow 1200mV 85C Model Minimum Pulse Width 'CLOCK2_50'
Slack : 16.000
TNS   : 0.000

Type  : Slow 1200mV 85C Model Minimum Pulse Width 'CLOCK3_50'
Slack : 16.000
TNS   : 0.000

Type  : Slow 1200mV 85C Model Minimum Pulse Width 'TD_CLK27'
Slack : 17.919
TNS   : 0.000

Type  : Slow 1200mV 85C Model Minimum Pulse Width 'u6|sdram_pll1|altpll_component|pll|clk[2]'
Slack : 26.609
TNS   : 0.000

Type  : Slow 1200mV 85C Model Minimum Pulse Width 'AUD_XCK'
Slack : 49.669
TNS   : 0.000

Type  : Slow 1200mV 0C Model Setup 'u6|sdram_pll1|altpll_component|pll|clk[0]'
Slack : -7.371
TNS   : -591.132

Type  : Slow 1200mV 0C Model Setup 'TD_CLK27'
Slack : -0.985
TNS   : -62.508

Type  : Slow 1200mV 0C Model Setup 'CLOCK_50'
Slack : 14.036
TNS   : 0.000

Type  : Slow 1200mV 0C Model Setup 'u6|sdram_pll1|altpll_component|pll|clk[2]'
Slack : 51.752
TNS   : 0.000

Type  : Slow 1200mV 0C Model Hold 'u6|sdram_pll1|altpll_component|pll|clk[0]'
Slack : 0.328
TNS   : 0.000

Type  : Slow 1200mV 0C Model Hold 'TD_CLK27'
Slack : 0.339
TNS   : 0.000

Type  : Slow 1200mV 0C Model Hold 'u6|sdram_pll1|altpll_component|pll|clk[2]'
Slack : 0.341
TNS   : 0.000

Type  : Slow 1200mV 0C Model Hold 'CLOCK_50'
Slack : 0.368
TNS   : 0.000

Type  : Slow 1200mV 0C Model Recovery 'u6|sdram_pll1|altpll_component|pll|clk[0]'
Slack : -7.303
TNS   : -2728.357

Type  : Slow 1200mV 0C Model Recovery 'u6|sdram_pll1|altpll_component|pll|clk[2]'
Slack : -3.863
TNS   : -54.082

Type  : Slow 1200mV 0C Model Recovery 'TD_CLK27'
Slack : -3.604
TNS   : -1356.702

Type  : Slow 1200mV 0C Model Removal 'TD_CLK27'
Slack : 1.115
TNS   : 0.000

Type  : Slow 1200mV 0C Model Removal 'u6|sdram_pll1|altpll_component|pll|clk[2]'
Slack : 2.860
TNS   : 0.000

Type  : Slow 1200mV 0C Model Removal 'u6|sdram_pll1|altpll_component|pll|clk[0]'
Slack : 5.563
TNS   : 0.000

Type  : Slow 1200mV 0C Model Minimum Pulse Width 'u6|sdram_pll1|altpll_component|pll|clk[0]'
Slack : 4.724
TNS   : 0.000

Type  : Slow 1200mV 0C Model Minimum Pulse Width 'CLOCK_50'
Slack : 9.636
TNS   : 0.000

Type  : Slow 1200mV 0C Model Minimum Pulse Width 'CLOCK2_50'
Slack : 16.000
TNS   : 0.000

Type  : Slow 1200mV 0C Model Minimum Pulse Width 'CLOCK3_50'
Slack : 16.000
TNS   : 0.000

Type  : Slow 1200mV 0C Model Minimum Pulse Width 'TD_CLK27'
Slack : 17.947
TNS   : 0.000

Type  : Slow 1200mV 0C Model Minimum Pulse Width 'u6|sdram_pll1|altpll_component|pll|clk[2]'
Slack : 26.595
TNS   : 0.000

Type  : Slow 1200mV 0C Model Minimum Pulse Width 'AUD_XCK'
Slack : 49.669
TNS   : 0.000

Type  : Fast 1200mV 0C Model Setup 'u6|sdram_pll1|altpll_component|pll|clk[0]'
Slack : -4.366
TNS   : -354.295

Type  : Fast 1200mV 0C Model Setup 'TD_CLK27'
Slack : -0.141
TNS   : -2.822

Type  : Fast 1200mV 0C Model Setup 'CLOCK_50'
Slack : 16.352
TNS   : 0.000

Type  : Fast 1200mV 0C Model Setup 'u6|sdram_pll1|altpll_component|pll|clk[2]'
Slack : 52.696
TNS   : 0.000

Type  : Fast 1200mV 0C Model Hold 'u6|sdram_pll1|altpll_component|pll|clk[0]'
Slack : 0.130
TNS   : 0.000

Type  : Fast 1200mV 0C Model Hold 'TD_CLK27'
Slack : 0.143
TNS   : 0.000

Type  : Fast 1200mV 0C Model Hold 'u6|sdram_pll1|altpll_component|pll|clk[2]'
Slack : 0.176
TNS   : 0.000

Type  : Fast 1200mV 0C Model Hold 'CLOCK_50'
Slack : 0.191
TNS   : 0.000

Type  : Fast 1200mV 0C Model Recovery 'u6|sdram_pll1|altpll_component|pll|clk[0]'
Slack : -4.434
TNS   : -1685.590

Type  : Fast 1200mV 0C Model Recovery 'u6|sdram_pll1|altpll_component|pll|clk[2]'
Slack : -2.426
TNS   : -33.964

Type  : Fast 1200mV 0C Model Recovery 'TD_CLK27'
Slack : -1.730
TNS   : -510.417

Type  : Fast 1200mV 0C Model Removal 'TD_CLK27'
Slack : 0.571
TNS   : 0.000

Type  : Fast 1200mV 0C Model Removal 'u6|sdram_pll1|altpll_component|pll|clk[2]'
Slack : 1.732
TNS   : 0.000

Type  : Fast 1200mV 0C Model Removal 'u6|sdram_pll1|altpll_component|pll|clk[0]'
Slack : 3.385
TNS   : 0.000

Type  : Fast 1200mV 0C Model Minimum Pulse Width 'u6|sdram_pll1|altpll_component|pll|clk[0]'
Slack : 4.806
TNS   : 0.000

Type  : Fast 1200mV 0C Model Minimum Pulse Width 'CLOCK_50'
Slack : 9.267
TNS   : 0.000

Type  : Fast 1200mV 0C Model Minimum Pulse Width 'CLOCK2_50'
Slack : 16.000
TNS   : 0.000

Type  : Fast 1200mV 0C Model Minimum Pulse Width 'CLOCK3_50'
Slack : 16.000
TNS   : 0.000

Type  : Fast 1200mV 0C Model Minimum Pulse Width 'TD_CLK27'
Slack : 17.707
TNS   : 0.000

Type  : Fast 1200mV 0C Model Minimum Pulse Width 'u6|sdram_pll1|altpll_component|pll|clk[2]'
Slack : 26.703
TNS   : 0.000

Type  : Fast 1200mV 0C Model Minimum Pulse Width 'AUD_XCK'
Slack : 49.879
TNS   : 0.000

------------------------------------------------------------
